[{"stream_name":"stderr","time":6.569971512,"data":"/usr/local/lib/python3.12/dist-packages/nbformat/__init__.py:96: MissingIDFieldWarning: Cell is missing an id field, this will become a hard error in future nbformat versions. You may want to use `normalize()` on your notebooks before validations (available since nbformat 5.1.4). Previous versions of nbformat are fixing this issue transparently, and will stop doing so in the future.\n"}
,{"stream_name":"stderr","time":6.570026571,"data":"  validate(nb)\n"}
,{"stream_name":"stderr","time":7.475366109,"data":"0.00s - Debugger warning: It seems that frozen modules are being used, which may\n"}
,{"stream_name":"stderr","time":7.47539691,"data":"0.00s - make the debugger miss breakpoints. Please pass -Xfrozen_modules=off\n"}
,{"stream_name":"stderr","time":7.475402711,"data":"0.00s - to python to disable frozen modules.\n"}
,{"stream_name":"stderr","time":7.475406999,"data":"0.00s - Note: Debugging will proceed. Set PYDEVD_DISABLE_FILE_VALIDATION=1 to disable this validation.\n"}
,{"stream_name":"stderr","time":8.082776513,"data":"0.00s - Debugger warning: It seems that frozen modules are being used, which may\n"}
,{"stream_name":"stderr","time":8.082831009,"data":"0.00s - make the debugger miss breakpoints. Please pass -Xfrozen_modules=off\n"}
,{"stream_name":"stderr","time":8.082852233,"data":"0.00s - to python to disable frozen modules.\n"}
,{"stream_name":"stderr","time":8.082857547,"data":"0.00s - Note: Debugging will proceed. Set PYDEVD_DISABLE_FILE_VALIDATION=1 to disable this validation.\n"}
,{"stream_name":"stdout","time":9.188948922,"data":"INPUT_PATH = /kaggle/input/competitions/nascenia-ai-hackathon/test.csv\n"}
,{"stream_name":"stdout","time":9.188992221,"data":"MODE = router   THRESHOLD = 0.4   OUTPUT_PATH = submission.csv\n"}
,{"stream_name":"stdout","time":12.905225881,"data":"\u001b[?25l   \u001b[90m━━━━━━━━━━━━━━━━━━━━━━━━━━━━━━━━━━━━━━━━\u001b[0m \u001b[32m0.0/11.6 MB\u001b[0m \u001b[31m?\u001b[0m eta \u001b[36m-:--:--\u001b[0m\r\u001b[2K   \u001b[91m━━━\u001b[0m\u001b[91m╸\u001b[0m\u001b[90m━━━━━━━━━━━━━━━━━━━━━━━━━━━━━━━━━━━━\u001b[0m \u001b[32m1.0/11.6 MB\u001b[0m \u001b[31m30.6 MB/s\u001b[0m eta \u001b[36m0:00:01\u001b[0m\r\u001b[2K   \u001b[91m━━━━━━━━━━━━━━━━━━━━━━━━━━\u001b[0m\u001b[90m╺\u001b[0m\u001b[90m━━━━━━━━━━━━━\u001b[0m \u001b[32m7.7/11.6 MB\u001b[0m \u001b[31m112.2 MB/s\u001b[0m eta \u001b[36m0:00:01\u001b[0m\r\u001b[2K   \u001b[91m━━━━━━━━━━━━━━━━━━━━━━━━━━━━━━━━━━━━━━━\u001b[0m\u001b[91m╸\u001b[0m \u001b[32m11.6/11.6 MB\u001b[0m \u001b[31m226.4 MB/s\u001b[0m eta \u001b[36m0:00:01\u001b[0m\r\u001b[2K   \u001b[90m━━━━━━━━━━━━━━━━━━━━━━━━━━━━━━━━━━━━━━━━\u001b[0m \u001b[32m11.6/11.6 MB\u001b[0m \u001b[31m105.3 MB/s\u001b[0m eta \u001b[36m0:00:00\u001b[0m\r\n"}
,{"stream_name":"stdout","time":12.905282184,"data":"\u001b[?25h\u001b[?25l   \u001b[90m━━━━━━━━━━━━━━━━━━━━━━━━━━━━━━━━━━━━━━━━\u001b[0m \u001b[32m0.0/389.2 kB\u001b[0m \u001b[31m?\u001b[0m eta \u001b[36m-:--:--\u001b[0m\r\u001b[2K   \u001b[90m━━━━━━━━━━━━━━━━━━━━━━━━━━━━━━━━━━━━━━━━\u001b[0m \u001b[32m389.2/389.2 kB\u001b[0m \u001b[31m24.2 MB/s\u001b[0m eta \u001b[36m0:00:00\u001b[0m\r\n"}
,{"stream_name":"stdout","time":12.956029825,"data":"\u001b[?25h\u001b[?25l   \u001b[90m━━━━━━━━━━━━━━━━━━━━━━━━━━━━━━━━━━━━━━━━\u001b[0m \u001b[32m0.0/1.4 MB\u001b[0m \u001b[31m?\u001b[0m eta \u001b[36m-:--:--\u001b[0m\r\u001b[2K   \u001b[90m━━━━━━━━━━━━━━━━━━━━━━━━━━━━━━━━━━━━━━━━\u001b[0m \u001b[32m1.4/1.4 MB\u001b[0m \u001b[31m55.7 MB/s\u001b[0m eta \u001b[36m0:00:00\u001b[0m\r\n"}
,{"stream_name":"stdout","time":13.006760357,"data":"\u001b[?25h\u001b[?25l   \u001b[90m━━━━━━━━━━━━━━━━━━━━━━━━━━━━━━━━━━━━━━━━\u001b[0m \u001b[32m0.0/516.0 kB\u001b[0m \u001b[31m?\u001b[0m eta \u001b[36m-:--:--\u001b[0m\r\u001b[2K   \u001b[90m━━━━━━━━━━━━━━━━━━━━━━━━━━━━━━━━━━━━━━━━\u001b[0m \u001b[32m516.0/516.0 kB\u001b[0m \u001b[31m29.8 MB/s\u001b[0m eta \u001b[36m0:00:00\u001b[0m\r\n"}
,{"stream_name":"stdout","time":28.841333476,"data":"\u001b[?25h  Preparing metadata (setup.py) ... \u001b[?25l\u001b[?25hdone\r\n"}
,{"stream_name":"stdout","time":29.04431911,"data":"\u001b[?25l     \u001b[90m━━━━━━━━━━━━━━━━━━━━━━━━━━━━━━━━━━━━━━━━\u001b[0m \u001b[32m0.0/44.0 kB\u001b[0m \u001b[31m?\u001b[0m eta \u001b[36m-:--:--\u001b[0m\r\u001b[2K     \u001b[90m━━━━━━━━━━━━━━━━━━━━━━━━━━━━━━━━━━━━━━━━\u001b[0m \u001b[32m44.0/44.0 kB\u001b[0m \u001b[31m1.8 MB/s\u001b[0m eta \u001b[36m0:00:00\u001b[0m\r\n"}
,{"stream_name":"stdout","time":31.321618189,"data":"\u001b[?25h\u001b[?25l     \u001b[90m━━━━━━━━━━━━━━━━━━━━━━━━━━━━━━━━━━━━━━━━\u001b[0m \u001b[32m0.0/40.5 kB\u001b[0m \u001b[31m?\u001b[0m eta \u001b[36m-:--:--\u001b[0m\r\u001b[2K     \u001b[90m━━━━━━━━━━━━━━━━━━━━━━━━━━━━━━━━━━━━━━━━\u001b[0m \u001b[32m40.5/40.5 kB\u001b[0m \u001b[31m2.4 MB/s\u001b[0m eta \u001b[36m0:00:00\u001b[0m\r\n"}
,{"stream_name":"stdout","time":32.232421118,"data":"\u001b[?25h\u001b[?25l     \u001b[90m━━━━━━━━━━━━━━━━━━━━━━━━━━━━━━━━━━━━━━━━\u001b[0m \u001b[32m0.0/57.3 kB\u001b[0m \u001b[31m?\u001b[0m eta \u001b[36m-:--:--\u001b[0m\r\u001b[2K     \u001b[90m━━━━━━━━━━━━━━━━━━━━━━━━━━━━━━━━━━━━━━━━\u001b[0m \u001b[32m57.3/57.3 kB\u001b[0m \u001b[31m3.6 MB/s\u001b[0m eta \u001b[36m0:00:00\u001b[0m\r\n"}
,{"stream_name":"stdout","time":32.28309186,"data":"\u001b[?25h\u001b[?25l     \u001b[90m━━━━━━━━━━━━━━━━━━━━━━━━━━━━━━━━━━━━━━━━\u001b[0m \u001b[32m0.0/185.0 kB\u001b[0m \u001b[31m?\u001b[0m eta \u001b[36m-:--:--\u001b[0m\r\u001b[2K     \u001b[90m━━━━━━━━━━━━━━━━━━━━━━━━━━━━━━━━━━━━━━━\u001b[0m \u001b[32m185.0/185.0 kB\u001b[0m \u001b[31m8.3 MB/s\u001b[0m eta \u001b[36m0:00:00\u001b[0m\r\n"}
,{"stream_name":"stdout","time":32.99108427,"data":"\u001b[?25h  Preparing metadata (setup.py) ... \u001b[?25l\u001b[?25hdone\r\n"}
,{"stream_name":"stdout","time":33.092008588,"data":"\u001b[?25l     \u001b[90m━━━━━━━━━━━━━━━━━━━━━━━━━━━━━━━━━━━━━━━━\u001b[0m \u001b[32m0.0/64.2 kB\u001b[0m \u001b[31m?\u001b[0m eta \u001b[36m-:--:--\u001b[0m\r\u001b[2K     \u001b[90m━━━━━━━━━━━━━━━━━━━━━━━━━━━━━━━━━━━━━━━━\u001b[0m \u001b[32m64.2/64.2 kB\u001b[0m \u001b[31m4.9 MB/s\u001b[0m eta \u001b[36m0:00:00\u001b[0m\r\n"}
,{"stream_name":"stdout","time":33.749409455,"data":"\u001b[?25h  Preparing metadata (setup.py) ... \u001b[?25l\u001b[?25hdone\r\n"}
,{"stream_name":"stdout","time":33.850505746,"data":"\u001b[?25l     \u001b[90m━━━━━━━━━━━━━━━━━━━━━━━━━━━━━━━━━━━━━━━━\u001b[0m \u001b[32m0.0/43.3 kB\u001b[0m \u001b[31m?\u001b[0m eta \u001b[36m-:--:--\u001b[0m\r\u001b[2K     \u001b[90m━━━━━━━━━━━━━━━━━━━━━━━━━━━━━━━━━━━━━━━━\u001b[0m \u001b[32m43.3/43.3 kB\u001b[0m \u001b[31m2.9 MB/s\u001b[0m eta \u001b[36m0:00:00\u001b[0m\r\n"}
,{"stream_name":"stdout","time":34.661562676,"data":"\u001b[?25h\u001b[?25l     \u001b[90m━━━━━━━━━━━━━━━━━━━━━━━━━━━━━━━━━━━━━━━━\u001b[0m \u001b[32m0.0/45.9 kB\u001b[0m \u001b[31m?\u001b[0m eta \u001b[36m-:--:--\u001b[0m\r\u001b[2K     \u001b[90m━━━━━━━━━━━━━━━━━━━━━━━━━━━━━━━━━━━━━━━━\u001b[0m \u001b[32m45.9/45.9 kB\u001b[0m \u001b[31m2.6 MB/s\u001b[0m eta \u001b[36m0:00:00\u001b[0m\r\n"}
,{"stream_name":"stdout","time":35.067234019,"data":"\u001b[?25h\u001b[?25l   \u001b[90m━━━━━━━━━━━━━━━━━━━━━━━━━━━━━━━━━━━━━━━━\u001b[0m \u001b[32m0.0/12.0 MB\u001b[0m \u001b[31m?\u001b[0m eta \u001b[36m-:--:--\u001b[0m\r\u001b[2K   \u001b[91m━━━━━━━━\u001b[0m\u001b[90m╺\u001b[0m\u001b[90m━━━━━━━━━━━━━━━━━━━━━━━━━━━━━━━\u001b[0m \u001b[32m2.4/12.0 MB\u001b[0m \u001b[31m73.5 MB/s\u001b[0m eta \u001b[36m0:00:01\u001b[0m\r\u001b[2K   \u001b[91m━━━━━━━━━━━━━━━━━━━━━━━━━━━━━━━━━━━━\u001b[0m\u001b[90m╺\u001b[0m\u001b[90m━━━\u001b[0m \u001b[32m10.9/12.0 MB\u001b[0m \u001b[31m184.0 MB/s\u001b[0m eta \u001b[36m0:00:01\u001b[0m\r\u001b[2K   \u001b[91m━━━━━━━━━━━━━━━━━━━━━━━━━━━━━━━━━━━━━━━\u001b[0m\u001b[91m╸\u001b[0m \u001b[32m12.0/12.0 MB\u001b[0m \u001b[31m203.2 MB/s\u001b[0m eta \u001b[36m0:00:01\u001b[0m\r\u001b[2K   \u001b[90m━━━━━━━━━━━━━━━━━━━━━━━━━━━━━━━━━━━━━━━━\u001b[0m \u001b[32m12.0/12.0 MB\u001b[0m \u001b[31m97.0 MB/s\u001b[0m eta \u001b[36m0:00:00\u001b[0m\r\n"}
,{"stream_name":"stdout","time":35.11774025,"data":"\u001b[?25h\u001b[?25l   \u001b[90m━━━━━━━━━━━━━━━━━━━━━━━━━━━━━━━━━━━━━━━━\u001b[0m \u001b[32m0.0/566.4 kB\u001b[0m \u001b[31m?\u001b[0m eta \u001b[36m-:--:--\u001b[0m\r\u001b[2K   \u001b[90m━━━━━━━━━━━━━━━━━━━━━━━━━━━━━━━━━━━━━━━━\u001b[0m \u001b[32m566.4/566.4 kB\u001b[0m \u001b[31m29.9 MB/s\u001b[0m eta \u001b[36m0:00:00\u001b[0m\r\n"}
,{"stream_name":"stdout","time":35.270370026,"data":"\u001b[?25h\u001b[?25l   \u001b[90m━━━━━━━━━━━━━━━━━━━━━━━━━━━━━━━━━━━━━━━━\u001b[0m \u001b[32m0.0/16.7 MB\u001b[0m \u001b[31m?\u001b[0m eta \u001b[36m-:--:--\u001b[0m\r\u001b[2K   \u001b[91m━━━━━━━━━━━━━━━━━━━\u001b[0m\u001b[91m╸\u001b[0m\u001b[90m━━━━━━━━━━━━━━━━━━━━\u001b[0m \u001b[32m8.3/16.7 MB\u001b[0m \u001b[31m251.0 MB/s\u001b[0m eta \u001b[36m0:00:01\u001b[0m\r\u001b[2K   \u001b[91m━━━━━━━━━━━━━━━━━━━━━━━━━━━━━━━━━━━━━━━\u001b[0m\u001b[91m╸\u001b[0m \u001b[32m16.7/16.7 MB\u001b[0m \u001b[31m250.1 MB/s\u001b[0m eta \u001b[36m0:00:01\u001b[0m\r\u001b[2K   \u001b[91m━━━━━━━━━━━━━━━━━━━━━━━━━━━━━━━━━━━━━━━\u001b[0m\u001b[91m╸\u001b[0m \u001b[32m16.7/16.7 MB\u001b[0m \u001b[31m250.1 MB/s\u001b[0m eta \u001b[36m0:00:01\u001b[0m\r\u001b[2K   \u001b[90m━━━━━━━━━━━━━━━━━━━━━━━━━━━━━━━━━━━━━━━━\u001b[0m \u001b[32m16.7/16.7 MB\u001b[0m \u001b[31m92.5 MB/s\u001b[0m eta \u001b[36m0:00:00\u001b[0m\r\n"}
,{"stream_name":"stdout","time":35.321486751,"data":"\u001b[?25h\u001b[?25l   \u001b[90m━━━━━━━━━━━━━━━━━━━━━━━━━━━━━━━━━━━━━━━━\u001b[0m \u001b[32m0.0/130.0 kB\u001b[0m \u001b[31m?\u001b[0m eta \u001b[36m-:--:--\u001b[0m\r\u001b[2K   \u001b[90m━━━━━━━━━━━━━━━━━━━━━━━━━━━━━━━━━━━━━━━━\u001b[0m \u001b[32m130.0/130.0 kB\u001b[0m \u001b[31m9.2 MB/s\u001b[0m eta \u001b[36m0:00:00\u001b[0m\r\n"}
,{"stream_name":"stdout","time":35.371869096,"data":"\u001b[?25h\u001b[?25l   \u001b[90m━━━━━━━━━━━━━━━━━━━━━━━━━━━━━━━━━━━━━━━━\u001b[0m \u001b[32m0.0/807.9 kB\u001b[0m \u001b[31m?\u001b[0m eta \u001b[36m-:--:--\u001b[0m\r\u001b[2K   \u001b[90m━━━━━━━━━━━━━━━━━━━━━━━━━━━━━━━━━━━━━━━━\u001b[0m \u001b[32m807.9/807.9 kB\u001b[0m \u001b[31m43.9 MB/s\u001b[0m eta \u001b[36m0:00:00\u001b[0m\r\n"}
,{"stream_name":"stdout","time":35.371906827,"data":"\u001b[?25h\u001b[?25l   \u001b[90m━━━━━━━━━━━━━━━━━━━━━━━━━━━━━━━━━━━━━━━━\u001b[0m \u001b[32m0.0/801.8 kB\u001b[0m \u001b[31m?\u001b[0m eta \u001b[36m-:--:--\u001b[0m\r\u001b[2K   \u001b[90m━━━━━━━━━━━━━━━━━━━━━━━━━━━━━━━━━━━━━━━━\u001b[0m \u001b[32m801.8/801.8 kB\u001b[0m \u001b[31m41.5 MB/s\u001b[0m eta \u001b[36m0:00:00\u001b[0m\r\n"}
,{"stream_name":"stdout","time":35.422662571,"data":"\u001b[?25h\u001b[?25l   \u001b[90m━━━━━━━━━━━━━━━━━━━━━━━━━━━━━━━━━━━━━━━━\u001b[0m \u001b[32m0.0/3.3 MB\u001b[0m \u001b[31m?\u001b[0m eta \u001b[36m-:--:--\u001b[0m\r\u001b[2K   \u001b[91m━━━━━━━━━━━━━━━━━━━━━━━━━━━━━━━━━━━━━━━\u001b[0m\u001b[91m╸\u001b[0m \u001b[32m3.3/3.3 MB\u001b[0m \u001b[31m279.7 MB/s\u001b[0m eta \u001b[36m0:00:01\u001b[0m\r\u001b[2K   \u001b[90m━━━━━━━━━━━━━━━━━━━━━━━━━━━━━━━━━━━━━━━━\u001b[0m \u001b[32m3.3/3.3 MB\u001b[0m \u001b[31m91.4 MB/s\u001b[0m eta \u001b[36m0:00:00\u001b[0m\r\n"}
,{"stream_name":"stdout","time":35.47333631,"data":"\u001b[?25h\u001b[?25l   \u001b[90m━━━━━━━━━━━━━━━━━━━━━━━━━━━━━━━━━━━━━━━━\u001b[0m \u001b[32m0.0/80.2 kB\u001b[0m \u001b[31m?\u001b[0m eta \u001b[36m-:--:--\u001b[0m\r\u001b[2K   \u001b[90m━━━━━━━━━━━━━━━━━━━━━━━━━━━━━━━━━━━━━━━━\u001b[0m \u001b[32m80.2/80.2 kB\u001b[0m \u001b[31m6.1 MB/s\u001b[0m eta \u001b[36m0:00:00\u001b[0m\r\n"}
,{"stream_name":"stdout","time":35.524093491,"data":"\u001b[?25h\u001b[?25l   \u001b[90m━━━━━━━━━━━━━━━━━━━━━━━━━━━━━━━━━━━━━━━━\u001b[0m \u001b[32m0.0/98.9 kB\u001b[0m \u001b[31m?\u001b[0m eta \u001b[36m-:--:--\u001b[0m\r\u001b[2K   \u001b[90m━━━━━━━━━━━━━━━━━━━━━━━━━━━━━━━━━━━━━━━━\u001b[0m \u001b[32m98.9/98.9 kB\u001b[0m \u001b[31m7.1 MB/s\u001b[0m eta \u001b[36m0:00:00\u001b[0m\r\n"}
,{"stream_name":"stdout","time":35.524139062,"data":"\u001b[?25h\u001b[?25l   \u001b[90m━━━━━━━━━━━━━━━━━━━━━━━━━━━━━━━━━━━━━━━━\u001b[0m \u001b[32m0.0/73.1 kB\u001b[0m \u001b[31m?\u001b[0m eta \u001b[36m-:--:--\u001b[0m\r\u001b[2K   \u001b[90m━━━━━━━━━━━━━━━━━━━━━━━━━━━━━━━━━━━━━━━━\u001b[0m \u001b[32m73.1/73.1 kB\u001b[0m \u001b[31m5.1 MB/s\u001b[0m eta \u001b[36m0:00:00\u001b[0m\r\n"}
,{"stream_name":"stdout","time":35.575245785999996,"data":"\u001b[?25h\u001b[?25l   \u001b[90m━━━━━━━━━━━━━━━━━━━━━━━━━━━━━━━━━━━━━━━━\u001b[0m \u001b[32m0.0/137.0 kB\u001b[0m \u001b[31m?\u001b[0m eta \u001b[36m-:--:--\u001b[0m\r\u001b[2K   \u001b[90m━━━━━━━━━━━━━━━━━━━━━━━━━━━━━━━━━━━━━━━━\u001b[0m \u001b[32m137.0/137.0 kB\u001b[0m \u001b[31m10.3 MB/s\u001b[0m eta \u001b[36m0:00:00\u001b[0m\r\n"}
,{"stream_name":"stdout","time":35.575308017,"data":"\u001b[?25h\u001b[?25l   \u001b[90m━━━━━━━━━━━━━━━━━━━━━━━━━━━━━━━━━━━━━━━━\u001b[0m \u001b[32m0.0/248.8 kB\u001b[0m \u001b[31m?\u001b[0m eta \u001b[36m-:--:--\u001b[0m\r\u001b[2K   \u001b[90m━━━━━━━━━━━━━━━━━━━━━━━━━━━━━━━━━━━━━━━━\u001b[0m \u001b[32m248.8/248.8 kB\u001b[0m \u001b[31m17.8 MB/s\u001b[0m eta \u001b[36m0:00:00\u001b[0m\r\n"}
,{"stream_name":"stdout","time":35.625987806,"data":"\u001b[?25h\u001b[?25l   \u001b[90m━━━━━━━━━━━━━━━━━━━━━━━━━━━━━━━━━━━━━━━━\u001b[0m \u001b[32m0.0/206.6 kB\u001b[0m \u001b[31m?\u001b[0m eta \u001b[36m-:--:--\u001b[0m\r\u001b[2K   \u001b[90m━━━━━━━━━━━━━━━━━━━━━━━━━━━━━━━━━━━━━━━━\u001b[0m \u001b[32m206.6/206.6 kB\u001b[0m \u001b[31m14.1 MB/s\u001b[0m eta \u001b[36m0:00:00\u001b[0m\r\n"}
,{"stream_name":"stdout","time":35.676807164,"data":"\u001b[?25h\u001b[?25l   \u001b[90m━━━━━━━━━━━━━━━━━━━━━━━━━━━━━━━━━━━━━━━━\u001b[0m \u001b[32m0.0/4.5 MB\u001b[0m \u001b[31m?\u001b[0m eta \u001b[36m-:--:--\u001b[0m\r\u001b[2K   \u001b[91m━━━━━━━━━━━━━━━━━━━━━━━━━━━━━━━━━━━━━━━\u001b[0m\u001b[91m╸\u001b[0m \u001b[32m4.5/4.5 MB\u001b[0m \u001b[31m264.5 MB/s\u001b[0m eta \u001b[36m0:00:01\u001b[0m\r\u001b[2K   \u001b[90m━━━━━━━━━━━━━━━━━━━━━━━━━━━━━━━━━━━━━━━━\u001b[0m \u001b[32m4.5/4.5 MB\u001b[0m \u001b[31m106.4 MB/s\u001b[0m eta \u001b[36m0:00:00\u001b[0m\r\n"}
,{"stream_name":"stdout","time":35.727674347,"data":"\u001b[?25h\u001b[?25l   \u001b[90m━━━━━━━━━━━━━━━━━━━━━━━━━━━━━━━━━━━━━━━━\u001b[0m \u001b[32m0.0/68.5 kB\u001b[0m \u001b[31m?\u001b[0m eta \u001b[36m-:--:--\u001b[0m\r\u001b[2K   \u001b[90m━━━━━━━━━━━━━━━━━━━━━━━━━━━━━━━━━━━━━━━━\u001b[0m \u001b[32m68.5/68.5 kB\u001b[0m \u001b[31m4.2 MB/s\u001b[0m eta \u001b[36m0:00:00\u001b[0m\r\n"}
,{"stream_name":"stdout","time":35.727731232,"data":"\u001b[?25h\u001b[?25l   \u001b[90m━━━━━━━━━━━━━━━━━━━━━━━━━━━━━━━━━━━━━━━━\u001b[0m \u001b[32m0.0/45.6 kB\u001b[0m \u001b[31m?\u001b[0m eta \u001b[36m-:--:--\u001b[0m\r\u001b[2K   \u001b[90m━━━━━━━━━━━━━━━━━━━━━━━━━━━━━━━━━━━━━━━━\u001b[0m \u001b[32m45.6/45.6 kB\u001b[0m \u001b[31m3.0 MB/s\u001b[0m eta \u001b[36m0:00:00\u001b[0m\r\n"}
,{"stream_name":"stdout","time":35.778389829,"data":"\u001b[?25h\u001b[?25l   \u001b[90m━━━━━━━━━━━━━━━━━━━━━━━━━━━━━━━━━━━━━━━━\u001b[0m \u001b[32m0.0/131.1 kB\u001b[0m \u001b[31m?\u001b[0m eta \u001b[36m-:--:--\u001b[0m\r\u001b[2K   \u001b[90m━━━━━━━━━━━━━━━━━━━━━━━━━━━━━━━━━━━━━━━━\u001b[0m \u001b[32m131.1/131.1 kB\u001b[0m \u001b[31m9.4 MB/s\u001b[0m eta \u001b[36m0:00:00\u001b[0m\r\n"}
,{"stream_name":"stdout","time":35.778418266,"data":"\u001b[?25h\u001b[?25l   \u001b[90m━━━━━━━━━━━━━━━━━━━━━━━━━━━━━━━━━━━━━━━━\u001b[0m \u001b[32m0.0/323.2 kB\u001b[0m \u001b[31m?\u001b[0m eta \u001b[36m-:--:--\u001b[0m\r\u001b[2K   \u001b[90m━━━━━━━━━━━━━━━━━━━━━━━━━━━━━━━━━━━━━━━━\u001b[0m \u001b[32m323.2/323.2 kB\u001b[0m \u001b[31m20.7 MB/s\u001b[0m eta \u001b[36m0:00:00\u001b[0m\r\n"}
,{"stream_name":"stdout","time":37.146716485,"data":"\u001b[?25h  Building wheel for normalizer (setup.py) ... \u001b[?25l\u001b[?25hdone\r\n"}
,{"stream_name":"stdout","time":38.260220744,"data":"  Building wheel for emoji (setup.py) ... \u001b[?25l\u001b[?25hdone\r\n"}
,{"stream_name":"stdout","time":39.377520255,"data":"  Building wheel for ftfy (setup.py) ... \u001b[?25l\u001b[?25hdone\r\n"}
,{"stream_name":"stdout","time":53.60538899,"data":"\u001b[31mERROR: pip's dependency resolver does not currently take into account all the packages that are installed. This behaviour is the source of the following dependency conflicts.\r\n"}
,{"stream_name":"stdout","time":53.605429086,"data":"bigframes 2.39.0 requires google-cloud-bigquery-storage\u003c3.0.0,\u003e=2.30.0, which is not installed.\r\n"}
,{"stream_name":"stdout","time":53.605434774,"data":"google-adk 1.29.0 requires google-cloud-bigquery-storage\u003e=2.0.0, which is not installed.\r\n"}
,{"stream_name":"stdout","time":53.605441854,"data":"datasets 5.0.0 requires fsspec[http]\u003c=2026.4.0,\u003e=2023.1.0, but you have fsspec 2026.7.0 which is incompatible.\r\n"}
,{"stream_name":"stdout","time":53.605445579,"data":"ydata-profiling 4.18.4 requires numpy\u003c2.4,\u003e=1.22, but you have numpy 2.5.2 which is incompatible.\r\n"}
,{"stream_name":"stdout","time":53.605449002,"data":"google-colab 1.0.0 requires jupyter-server==2.14.0, but you have jupyter-server 2.12.5 which is incompatible.\r\n"}
,{"stream_name":"stdout","time":53.605452268,"data":"google-colab 1.0.0 requires pandas==2.2.2, but you have pandas 2.3.3 which is incompatible.\r\n"}
,{"stream_name":"stdout","time":53.605455409,"data":"google-colab 1.0.0 requires requests==2.32.4, but you have requests 2.34.2 which is incompatible.\r\n"}
,{"stream_name":"stdout","time":53.605458491,"data":"dopamine-rl 4.1.2 requires gym\u003c=0.25.2, but you have gym 0.26.2 which is incompatible.\r\n"}
,{"stream_name":"stdout","time":53.605461825,"data":"moviepy 1.0.3 requires decorator\u003c5.0,\u003e=4.0.2, but you have decorator 5.3.1 which is incompatible.\r\n"}
,{"stream_name":"stdout","time":53.605465177,"data":"numba 0.60.0 requires numpy\u003c2.1,\u003e=1.22, but you have numpy 2.5.2 which is incompatible.\r\n"}
,{"stream_name":"stdout","time":53.605468617,"data":"gcsfs 2025.3.0 requires fsspec==2025.3.0, but you have fsspec 2026.7.0 which is incompatible.\u001b[0m\u001b[31m\r\n"}
,{"stream_name":"stdout","time":71.373328121,"data":"\u001b[0mTesla T4 sm_75 | kernel transformers 5.14.1\n"}
,{"stream_name":"stdout","time":71.566373007,"data":"specialist : 1,881,825,088\n"}
,{"stream_name":"stdout","time":71.566424274,"data":"champion   : 247,577,856\n"}
,{"stream_name":"stdout","time":71.566430015,"data":"COMBINED   : 2,129,402,944\n"}
,{"stream_name":"stdout","time":71.566433581,"data":"✅ within the 3B cap (headroom 871M)\n"}
,{"stream_name":"stdout","time":71.663987301,"data":"reading: /kaggle/input/competitions/nascenia-ai-hackathon/test.csv\n"}
,{"stream_name":"stdout","time":71.664024329,"data":"\n"}
,{"stream_name":"stdout","time":71.664029694,"data":"✅ 1000 rows loaded from /kaggle/input/competitions/nascenia-ai-hackathon/test.csv\n"}
,{"stream_name":"stdout","time":71.664034571,"data":"   sample question: আমার লাইপেজ লেভেল ১৫৮, যা বেশি। অ্যামাইলেজ লেভেল ৮২, যা স্বাভাবিক। এর কারণ কী হতে পারে? আমার বর্তমান ডাক্তার এবং আগের প্...\n"}
,{"stream_name":"stdout","time":76.872121351,"data":"\n"}
,{"stream_name":"stdout","time":76.872184538,"data":"routing:\n"}
,{"stream_name":"stdout","time":76.872193496,"data":"  ID_LOOKUP      1000  (100.0%)\n"}
,{"stream_name":"stdout","time":2608.372121068,"data":"  champion 16/1000\n"}
,{"stream_name":"stdout","time":2608.372187233,"data":"  champion 32/1000\n"}
,{"stream_name":"stdout","time":2608.372193761,"data":"  champion 48/1000\n"}
,{"stream_name":"stdout","time":2608.372222158,"data":"  champion 64/1000\n"}
,{"stream_name":"stdout","time":2608.372226772,"data":"  champion 80/1000\n"}
,{"stream_name":"stdout","time":2608.372232068,"data":"  champion 96/1000\n"}
,{"stream_name":"stdout","time":2608.372237133,"data":"  champion 112/1000\n"}
,{"stream_name":"stdout","time":2608.372241635,"data":"  champion 128/1000\n"}
,{"stream_name":"stdout","time":2608.372245909,"data":"  champion 144/1000\n"}
,{"stream_name":"stdout","time":2608.372250163,"data":"  champion 160/1000\n"}
,{"stream_name":"stdout","time":2608.372254966,"data":"  champion 176/1000\n"}
,{"stream_name":"stdout","time":2608.372259243,"data":"  champion 192/1000\n"}
,{"stream_name":"stdout","time":2608.372267441,"data":"  champion 208/1000\n"}
,{"stream_name":"stdout","time":2608.372270798,"data":"  champion 224/1000\n"}
,{"stream_name":"stdout","time":2608.372273765,"data":"  champion 240/1000\n"}
,{"stream_name":"stdout","time":2608.372276867,"data":"  champion 256/1000\n"}
,{"stream_name":"stdout","time":2608.372279868,"data":"  champion 272/1000\n"}
,{"stream_name":"stdout","time":2608.372283345,"data":"  champion 288/1000\n"}
,{"stream_name":"stdout","time":2608.372297598,"data":"  champion 304/1000\n"}
,{"stream_name":"stdout","time":2608.372303035,"data":"  champion 320/1000\n"}
,{"stream_name":"stdout","time":2608.372307979,"data":"  champion 336/1000\n"}
,{"stream_name":"stdout","time":2608.372313139,"data":"  champion 352/1000\n"}
,{"stream_name":"stdout","time":2608.37231798,"data":"  champion 368/1000\n"}
,{"stream_name":"stdout","time":2608.372322115,"data":"  champion 384/1000\n"}
,{"stream_name":"stdout","time":2608.372326426,"data":"  champion 400/1000\n"}
,{"stream_name":"stdout","time":2608.372330695,"data":"  champion 416/1000\n"}
,{"stream_name":"stdout","time":2608.372334952,"data":"  champion 432/1000\n"}
,{"stream_name":"stdout","time":2608.372339133,"data":"  champion 448/1000\n"}
,{"stream_name":"stdout","time":2608.372343351,"data":"  champion 464/1000\n"}
,{"stream_name":"stdout","time":2608.372347622,"data":"  champion 480/1000\n"}
,{"stream_name":"stdout","time":2608.3723518,"data":"  champion 496/1000\n"}
,{"stream_name":"stdout","time":2608.372369273,"data":"  champion 512/1000\n"}
,{"stream_name":"stdout","time":2608.372371998,"data":"  champion 528/1000\n"}
,{"stream_name":"stdout","time":2608.372374261,"data":"  champion 544/1000\n"}
,{"stream_name":"stdout","time":2608.372376484,"data":"  champion 560/1000\n"}
,{"stream_name":"stdout","time":2608.372379189,"data":"  champion 576/1000\n"}
,{"stream_name":"stdout","time":2608.372390545,"data":"  champion 592/1000\n"}
,{"stream_name":"stdout","time":2608.372394708,"data":"  champion 608/1000\n"}
,{"stream_name":"stdout","time":2608.372398613,"data":"  champion 624/1000\n"}
,{"stream_name":"stdout","time":2608.372402652,"data":"  champion 640/1000\n"}
,{"stream_name":"stdout","time":2608.372406631,"data":"  champion 656/1000\n"}
,{"stream_name":"stdout","time":2608.372410126,"data":"  champion 672/1000\n"}
,{"stream_name":"stdout","time":2608.372413384,"data":"  champion 688/1000\n"}
,{"stream_name":"stdout","time":2608.372416656,"data":"  champion 704/1000\n"}
,{"stream_name":"stdout","time":2608.372419956,"data":"  champion 720/1000\n"}
,{"stream_name":"stdout","time":2608.37242328,"data":"  champion 736/1000\n"}
,{"stream_name":"stdout","time":2608.372426577,"data":"  champion 752/1000\n"}
,{"stream_name":"stdout","time":2608.372429894,"data":"  champion 768/1000\n"}
,{"stream_name":"stdout","time":2608.372433163,"data":"  champion 784/1000\n"}
,{"stream_name":"stdout","time":2608.372436456,"data":"  champion 800/1000\n"}
,{"stream_name":"stdout","time":2608.372439798,"data":"  champion 816/1000\n"}
,{"stream_name":"stdout","time":2608.37244307,"data":"  champion 832/1000\n"}
,{"stream_name":"stdout","time":2608.37244634,"data":"  champion 848/1000\n"}
,{"stream_name":"stdout","time":2608.372449645,"data":"  champion 864/1000\n"}
,{"stream_name":"stdout","time":2608.372452868,"data":"  champion 880/1000\n"}
,{"stream_name":"stdout","time":2608.372456092,"data":"  champion 896/1000\n"}
,{"stream_name":"stdout","time":2608.372459363,"data":"  champion 912/1000\n"}
,{"stream_name":"stdout","time":2608.372466561,"data":"  champion 928/1000\n"}
,{"stream_name":"stdout","time":2608.372469066,"data":"  champion 944/1000\n"}
,{"stream_name":"stdout","time":2608.372471788,"data":"  champion 960/1000\n"}
,{"stream_name":"stdout","time":2608.372483362,"data":"  champion 976/1000\n"}
,{"stream_name":"stdout","time":2608.372487756,"data":"  champion 992/1000\n"}
,{"stream_name":"stdout","time":2608.37249148,"data":"  champion 1000/1000\n"}
,{"stream_name":"stdout","time":2608.372495546,"data":"\n"}
,{"stream_name":"stdout","time":2608.372499381,"data":"\n"}
,{"stream_name":"stdout","time":2608.372503024,"data":"champion produced 1000 answers\n"}
,{"stream_name":"stdout","time":2608.393401758,"data":"specialist produced 0 answers\n"}
,{"stream_name":"stdout","time":2608.461079972,"data":"✅ wrote submission.csv  (1000, 2)\n"}
,{"stream_name":"stdout","time":2608.461115423,"data":"\n"}
,{"stream_name":"stdout","time":2608.461134053,"data":"mean words 100 | terminated 91.5% | blank 0\n"}
,{"stream_name":"stdout","time":2608.461138153,"data":"parameters used at inference: 2,129,402,944 \u003c= 3,000,000,000\n"}
,{"stream_name":"stderr","time":2611.681250327,"data":"/usr/local/lib/python3.12/dist-packages/mistune.py:435: SyntaxWarning: invalid escape sequence '\\|'\n"}
,{"stream_name":"stderr","time":2611.681278653,"data":"  cells[i][c] = re.sub('\\\\\\\\\\|', '|', cell)\n"}
,{"stream_name":"stderr","time":2611.843313799,"data":"/usr/local/lib/python3.12/dist-packages/nbconvert/filters/filter_links.py:36: SyntaxWarning: invalid escape sequence '\\_'\n"}
,{"stream_name":"stderr","time":2611.843357703,"data":"  text = re.sub(r'_', '\\_', text) # Escape underscores in display text\n"}
,{"stream_name":"stderr","time":2612.506789834,"data":"[NbConvertApp] Converting notebook __notebook__.ipynb to notebook\n"}
,{"stream_name":"stderr","time":2612.804480305,"data":"[NbConvertApp] Writing 39480 bytes to __notebook__.ipynb\n"}
,{"stream_name":"stderr","time":2615.17904529,"data":"[NbConvertApp] Converting notebook __notebook__.ipynb to html\n"}
,{"stream_name":"stderr","time":2616.019586621,"data":"[NbConvertApp] Writing 359993 bytes to __results__.html\n"}
]